// Jest Snapshot v1, https://goo.gl/fbAQLP

exports[`Video component renders as expected 1`] = `
<BrowserRouter>
  <Router
    history={
      Object {
        "action": "POP",
        "block": [Function],
        "createHref": [Function],
        "go": [Function],
        "goBack": [Function],
        "goForward": [Function],
        "length": 1,
        "listen": [Function],
        "location": Object {
          "hash": "",
          "pathname": "/",
          "search": "",
          "state": undefined,
        },
        "push": [Function],
        "replace": [Function],
      }
    }
  >
    <Video>
      <div
        className="movie-content"
      >
        <div
          className="movie-container open"
        >
          <div
            className="video-container"
          >
            <div
              className="video-element"
            >
              <div
                className="loader"
              />
              <div
                className="video-wrapper"
              >
                <div
                  className="video"
                >
                  <iframe
                    allow="accelerometer; autoplay; encrypted-media; gyroscope; picture-in-picture"
                    allowFullScreen={true}
                    frameBorder="0"
                    height={315}
                    loading="lazy"
                    onLoad={[Function]}
                    src="https://www.youtube.com/embed/undefined?controls=0"
                    width={560}
                  />
                </div>
              </div>
            </div>
          </div>
        </div>
      </div>
    </Video>
  </Router>
</BrowserRouter>
`;
