// Jest Snapshot v1, https://goo.gl/fbAQLP

exports[`Videos component renders as expected 1`] = `
<BrowserRouter>
  <Router
    history={
      Object {
        "action": "POP",
        "block": [Function],
        "createHref": [Function],
        "go": [Function],
        "goBack": [Function],
        "goForward": [Function],
        "length": 1,
        "listen": [Function],
        "location": Object {
          "hash": "",
          "pathname": "/",
          "search": "",
          "state": undefined,
        },
        "push": [Function],
        "replace": [Function],
      }
    }
  >
    <Videos>
      <div>
        <Switch />
        <ul>
          <li
            key="if-UBSAHJjE"
          >
            <Link
              to="/video/if-UBSAHJjE"
            >
              <LinkAnchor
                href="/video/if-UBSAHJjE"
                navigate={[Function]}
              >
                <a
                  href="/video/if-UBSAHJjE"
                  onClick={[Function]}
                >
                  <img
                    alt="Lecimy tutaj"
                    src="https://i.ytimg.com/vi/if-UBSAHJjE/mqdefault.jpg"
                  />
                </a>
              </LinkAnchor>
            </Link>
          </li>
          <li
            key="Wz1DA97REb8"
          >
            <Link
              to="/video/Wz1DA97REb8"
            >
              <LinkAnchor
                href="/video/Wz1DA97REb8"
                navigate={[Function]}
              >
                <a
                  href="/video/Wz1DA97REb8"
                  onClick={[Function]}
                >
                  <img
                    alt="Dynamity"
                    src="https://i.ytimg.com/vi/Wz1DA97REb8/mqdefault.jpg"
                  />
                </a>
              </LinkAnchor>
            </Link>
          </li>
          <li
            key="UvReFFxyjbg"
          >
            <Link
              to="/video/UvReFFxyjbg"
            >
              <LinkAnchor
                href="/video/UvReFFxyjbg"
                navigate={[Function]}
              >
                <a
                  href="/video/UvReFFxyjbg"
                  onClick={[Function]}
                >
                  <img
                    alt="Sri Lanka Honeymoon"
                    src="https://i.ytimg.com/vi/UvReFFxyjbg/mqdefault.jpg"
                  />
                </a>
              </LinkAnchor>
            </Link>
          </li>
          <li
            key="1pBcu7r-IVY"
          >
            <Link
              to="/video/1pBcu7r-IVY"
            >
              <LinkAnchor
                href="/video/1pBcu7r-IVY"
                navigate={[Function]}
              >
                <a
                  href="/video/1pBcu7r-IVY"
                  onClick={[Function]}
                >
                  <img
                    alt="Paryż płonie"
                    src="https://i.ytimg.com/vi/1pBcu7r-IVY/mqdefault.jpg"
                  />
                </a>
              </LinkAnchor>
            </Link>
          </li>
          <li
            key="lXlQdg5aDy0"
          >
            <Link
              to="/video/lXlQdg5aDy0"
            >
              <LinkAnchor
                href="/video/lXlQdg5aDy0"
                navigate={[Function]}
              >
                <a
                  href="/video/lXlQdg5aDy0"
                  onClick={[Function]}
                >
                  <img
                    alt="bieszczadowa wycieszka"
                    src="https://i.ytimg.com/vi/lXlQdg5aDy0/mqdefault.jpg"
                  />
                </a>
              </LinkAnchor>
            </Link>
          </li>
          <li
            key="3bFih6FrRcg"
          >
            <Link
              to="/video/3bFih6FrRcg"
            >
              <LinkAnchor
                href="/video/3bFih6FrRcg"
                navigate={[Function]}
              >
                <a
                  href="/video/3bFih6FrRcg"
                  onClick={[Function]}
                >
                  <img
                    alt="Asia & Michał"
                    src="https://i.ytimg.com/vi/3bFih6FrRcg/mqdefault.jpg"
                  />
                </a>
              </LinkAnchor>
            </Link>
          </li>
          <li
            key="PVTCMjLs-x8"
          >
            <Link
              to="/video/PVTCMjLs-x8"
            >
              <LinkAnchor
                href="/video/PVTCMjLs-x8"
                navigate={[Function]}
              >
                <a
                  href="/video/PVTCMjLs-x8"
                  onClick={[Function]}
                >
                  <img
                    alt="3 Mistrzostwa Polski w Bike Polo   Kraków 2012"
                    src="https://i.ytimg.com/vi/PVTCMjLs-x8/mqdefault.jpg"
                  />
                </a>
              </LinkAnchor>
            </Link>
          </li>
          <li
            key="sGeUch-DaBE"
          >
            <Link
              to="/video/sGeUch-DaBE"
            >
              <LinkAnchor
                href="/video/sGeUch-DaBE"
                navigate={[Function]}
              >
                <a
                  href="/video/sGeUch-DaBE"
                  onClick={[Function]}
                >
                  <img
                    alt="EHBPC 2013 Kraków   Teaser"
                    src="https://i.ytimg.com/vi/sGeUch-DaBE/mqdefault.jpg"
                  />
                </a>
              </LinkAnchor>
            </Link>
          </li>
          <li
            key="3cCVzlMER6s"
          >
            <Link
              to="/video/3cCVzlMER6s"
            >
              <LinkAnchor
                href="/video/3cCVzlMER6s"
                navigate={[Function]}
              >
                <a
                  href="/video/3cCVzlMER6s"
                  onClick={[Function]}
                >
                  <img
                    alt="CHODŹ POKAŻĘ CI GDZIE MIESZKAM # Pat Guzik w Garażu"
                    src="https://i.ytimg.com/vi/3cCVzlMER6s/mqdefault.jpg"
                  />
                </a>
              </LinkAnchor>
            </Link>
          </li>
          <li
            key="oJ8gqRmUQp8"
          >
            <Link
              to="/video/oJ8gqRmUQp8"
            >
              <LinkAnchor
                href="/video/oJ8gqRmUQp8"
                navigate={[Function]}
              >
                <a
                  href="/video/oJ8gqRmUQp8"
                  onClick={[Function]}
                >
                  <img
                    alt="targi dizajnu vol  5   WINTERTIME"
                    src="https://i.ytimg.com/vi/oJ8gqRmUQp8/mqdefault.jpg"
                  />
                </a>
              </LinkAnchor>
            </Link>
          </li>
          <li
            key="0zFtu0McouQ"
          >
            <Link
              to="/video/0zFtu0McouQ"
            >
              <LinkAnchor
                href="/video/0zFtu0McouQ"
                navigate={[Function]}
              >
                <a
                  href="/video/0zFtu0McouQ"
                  onClick={[Function]}
                >
                  <img
                    alt="Justyna & Mariusz"
                    src="https://i.ytimg.com/vi/0zFtu0McouQ/mqdefault.jpg"
                  />
                </a>
              </LinkAnchor>
            </Link>
          </li>
          <li
            key="gxW7419VE88"
          >
            <Link
              to="/video/gxW7419VE88"
            >
              <LinkAnchor
                href="/video/gxW7419VE88"
                navigate={[Function]}
              >
                <a
                  href="/video/gxW7419VE88"
                  onClick={[Function]}
                >
                  <img
                    alt="Elegancja Francja"
                    src="https://i.ytimg.com/vi/gxW7419VE88/mqdefault.jpg"
                  />
                </a>
              </LinkAnchor>
            </Link>
          </li>
          <li
            key="vOPyHZWkKFA"
          >
            <Link
              to="/video/vOPyHZWkKFA"
            >
              <LinkAnchor
                href="/video/vOPyHZWkKFA"
                navigate={[Function]}
              >
                <a
                  href="/video/vOPyHZWkKFA"
                  onClick={[Function]}
                >
                  <img
                    alt="Small Moments Like These"
                    src="https://i.ytimg.com/vi/vOPyHZWkKFA/mqdefault.jpg"
                  />
                </a>
              </LinkAnchor>
            </Link>
          </li>
          <li
            key="sg6yIy1x43I"
          >
            <Link
              to="/video/sg6yIy1x43I"
            >
              <LinkAnchor
                href="/video/sg6yIy1x43I"
                navigate={[Function]}
              >
                <a
                  href="/video/sg6yIy1x43I"
                  onClick={[Function]}
                >
                  <img
                    alt="Sala Koncertowa POSM w Bielsku Białej"
                    src="https://i.ytimg.com/vi/sg6yIy1x43I/mqdefault.jpg"
                  />
                </a>
              </LinkAnchor>
            </Link>
          </li>
          <li
            key="lpSfvw4dAv4"
          >
            <Link
              to="/video/lpSfvw4dAv4"
            >
              <LinkAnchor
                href="/video/lpSfvw4dAv4"
                navigate={[Function]}
              >
                <a
                  href="/video/lpSfvw4dAv4"
                  onClick={[Function]}
                >
                  <img
                    alt="Pauza"
                    src="https://i.ytimg.com/vi/lpSfvw4dAv4/mqdefault.jpg"
                  />
                </a>
              </LinkAnchor>
            </Link>
          </li>
          <li
            key="r9lWjj6yK90"
          >
            <Link
              to="/video/r9lWjj6yK90"
            >
              <LinkAnchor
                href="/video/r9lWjj6yK90"
                navigate={[Function]}
              >
                <a
                  href="/video/r9lWjj6yK90"
                  onClick={[Function]}
                >
                  <img
                    alt="Road to Szeged"
                    src="https://i.ytimg.com/vi/r9lWjj6yK90/mqdefault.jpg"
                  />
                </a>
              </LinkAnchor>
            </Link>
          </li>
          <li
            key="cQ7m-rDwZKs"
          >
            <Link
              to="/video/cQ7m-rDwZKs"
            >
              <LinkAnchor
                href="/video/cQ7m-rDwZKs"
                navigate={[Function]}
              >
                <a
                  href="/video/cQ7m-rDwZKs"
                  onClick={[Function]}
                >
                  <img
                    alt="3 Mistrzostwa Polski w Bike Polo   Kraków 2012   promo"
                    src="https://i.ytimg.com/vi/cQ7m-rDwZKs/mqdefault.jpg"
                  />
                </a>
              </LinkAnchor>
            </Link>
          </li>
          <li
            key="yCXmI3EcnqI"
          >
            <Link
              to="/video/yCXmI3EcnqI"
            >
              <LinkAnchor
                href="/video/yCXmI3EcnqI"
                navigate={[Function]}
              >
                <a
                  href="/video/yCXmI3EcnqI"
                  onClick={[Function]}
                >
                  <img
                    alt="targi dizajnu vol  4   SUMMERTIME"
                    src="https://i.ytimg.com/vi/yCXmI3EcnqI/mqdefault.jpg"
                  />
                </a>
              </LinkAnchor>
            </Link>
          </li>
          <li
            key="Zql4lTdrSkc"
          >
            <Link
              to="/video/Zql4lTdrSkc"
            >
              <LinkAnchor
                href="/video/Zql4lTdrSkc"
                navigate={[Function]}
              >
                <a
                  href="/video/Zql4lTdrSkc"
                  onClick={[Function]}
                >
                  <img
                    alt="Burning Fire Gives a Warmth"
                    src="https://i.ytimg.com/vi/Zql4lTdrSkc/mqdefault.jpg"
                  />
                </a>
              </LinkAnchor>
            </Link>
          </li>
          <li
            key="OlIZXbVwQHU"
          >
            <Link
              to="/video/OlIZXbVwQHU"
            >
              <LinkAnchor
                href="/video/OlIZXbVwQHU"
                navigate={[Function]}
              >
                <a
                  href="/video/OlIZXbVwQHU"
                  onClick={[Function]}
                >
                  <img
                    alt="Kubota Cup   Bike Polo Tournament"
                    src="https://i.ytimg.com/vi/OlIZXbVwQHU/mqdefault.jpg"
                  />
                </a>
              </LinkAnchor>
            </Link>
          </li>
          <li
            key="Qiy2jkeBnMc"
          >
            <Link
              to="/video/Qiy2jkeBnMc"
            >
              <LinkAnchor
                href="/video/Qiy2jkeBnMc"
                navigate={[Function]}
              >
                <a
                  href="/video/Qiy2jkeBnMc"
                  onClick={[Function]}
                >
                  <img
                    alt="targi dizajnu vol 3 ♥ easter bunny"
                    src="https://i.ytimg.com/vi/Qiy2jkeBnMc/mqdefault.jpg"
                  />
                </a>
              </LinkAnchor>
            </Link>
          </li>
          <li
            key="L3KX-PKXREA"
          >
            <Link
              to="/video/L3KX-PKXREA"
            >
              <LinkAnchor
                href="/video/L3KX-PKXREA"
                navigate={[Function]}
              >
                <a
                  href="/video/L3KX-PKXREA"
                  onClick={[Function]}
                >
                  <img
                    alt="trying hamlet"
                    src="https://i.ytimg.com/vi/L3KX-PKXREA/mqdefault.jpg"
                  />
                </a>
              </LinkAnchor>
            </Link>
          </li>
          <li
            key="qr_KuRguOtg"
          >
            <Link
              to="/video/qr_KuRguOtg"
            >
              <LinkAnchor
                href="/video/qr_KuRguOtg"
                navigate={[Function]}
              >
                <a
                  href="/video/qr_KuRguOtg"
                  onClick={[Function]}
                >
                  <img
                    alt="STARTINGOOD KOMPANY"
                    src="https://i.ytimg.com/vi/qr_KuRguOtg/mqdefault.jpg"
                  />
                </a>
              </LinkAnchor>
            </Link>
          </li>
          <li
            key="Y1kjIU4LOVU"
          >
            <Link
              to="/video/Y1kjIU4LOVU"
            >
              <LinkAnchor
                href="/video/Y1kjIU4LOVU"
                navigate={[Function]}
              >
                <a
                  href="/video/Y1kjIU4LOVU"
                  onClick={[Function]}
                >
                  <img
                    alt="IV Beskidzkie Zintegrowane Ćwiczenia Służb Ratowniczych"
                    src="https://i.ytimg.com/vi/Y1kjIU4LOVU/mqdefault.jpg"
                  />
                </a>
              </LinkAnchor>
            </Link>
          </li>
          <li
            key="EA4Sm3_zih8"
          >
            <Link
              to="/video/EA4Sm3_zih8"
            >
              <LinkAnchor
                href="/video/EA4Sm3_zih8"
                navigate={[Function]}
              >
                <a
                  href="/video/EA4Sm3_zih8"
                  onClick={[Function]}
                >
                  <img
                    alt="nobody"
                    src="https://i.ytimg.com/vi/EA4Sm3_zih8/mqdefault.jpg"
                  />
                </a>
              </LinkAnchor>
            </Link>
          </li>
          <li
            key="RPuScoxaPQ8"
          >
            <Link
              to="/video/RPuScoxaPQ8"
            >
              <LinkAnchor
                href="/video/RPuScoxaPQ8"
                navigate={[Function]}
              >
                <a
                  href="/video/RPuScoxaPQ8"
                  onClick={[Function]}
                >
                  <img
                    alt="sylFester!"
                    src="https://i.ytimg.com/vi/RPuScoxaPQ8/mqdefault.jpg"
                  />
                </a>
              </LinkAnchor>
            </Link>
          </li>
          <li
            key="frdAsaitTWw"
          >
            <Link
              to="/video/frdAsaitTWw"
            >
              <LinkAnchor
                href="/video/frdAsaitTWw"
                navigate={[Function]}
              >
                <a
                  href="/video/frdAsaitTWw"
                  onClick={[Function]}
                >
                  <img
                    alt="Eisenberga"
                    src="https://i.ytimg.com/vi/frdAsaitTWw/mqdefault.jpg"
                  />
                </a>
              </LinkAnchor>
            </Link>
          </li>
          <li
            key="D0DVFzUthKU"
          >
            <Link
              to="/video/D0DVFzUthKU"
            >
              <LinkAnchor
                href="/video/D0DVFzUthKU"
                navigate={[Function]}
              >
                <a
                  href="/video/D0DVFzUthKU"
                  onClick={[Function]}
                >
                  <img
                    alt="Take a Ride!"
                    src="https://i.ytimg.com/vi/D0DVFzUthKU/mqdefault.jpg"
                  />
                </a>
              </LinkAnchor>
            </Link>
          </li>
          <li
            key="b7lgPNwolqE"
          >
            <Link
              to="/video/b7lgPNwolqE"
            >
              <LinkAnchor
                href="/video/b7lgPNwolqE"
                navigate={[Function]}
              >
                <a
                  href="/video/b7lgPNwolqE"
                  onClick={[Function]}
                >
                  <img
                    alt="targi dizajnu ♥ back to school"
                    src="https://i.ytimg.com/vi/b7lgPNwolqE/mqdefault.jpg"
                  />
                </a>
              </LinkAnchor>
            </Link>
          </li>
          <li
            key="aHew_9o0ep4"
          >
            <Link
              to="/video/aHew_9o0ep4"
            >
              <LinkAnchor
                href="/video/aHew_9o0ep4"
                navigate={[Function]}
              >
                <a
                  href="/video/aHew_9o0ep4"
                  onClick={[Function]}
                >
                  <img
                    alt="Bike Polo Club Kraków"
                    src="https://i.ytimg.com/vi/aHew_9o0ep4/mqdefault.jpg"
                  />
                </a>
              </LinkAnchor>
            </Link>
          </li>
          <li
            key="VDQZyWt9jR0"
          >
            <Link
              to="/video/VDQZyWt9jR0"
            >
              <LinkAnchor
                href="/video/VDQZyWt9jR0"
                navigate={[Function]}
              >
                <a
                  href="/video/VDQZyWt9jR0"
                  onClick={[Function]}
                >
                  <img
                    alt="Love is Noise vol  1"
                    src="https://i.ytimg.com/vi/VDQZyWt9jR0/mqdefault.jpg"
                  />
                </a>
              </LinkAnchor>
            </Link>
          </li>
          <li
            key="dpW4Od9iCtg"
          >
            <Link
              to="/video/dpW4Od9iCtg"
            >
              <LinkAnchor
                href="/video/dpW4Od9iCtg"
                navigate={[Function]}
              >
                <a
                  href="/video/dpW4Od9iCtg"
                  onClick={[Function]}
                >
                  <img
                    alt="Velvet Mountains"
                    src="https://i.ytimg.com/vi/dpW4Od9iCtg/mqdefault.jpg"
                  />
                </a>
              </LinkAnchor>
            </Link>
          </li>
          <li
            key="6NXrt0IlRYM"
          >
            <Link
              to="/video/6NXrt0IlRYM"
            >
              <LinkAnchor
                href="/video/6NXrt0IlRYM"
                navigate={[Function]}
              >
                <a
                  href="/video/6NXrt0IlRYM"
                  onClick={[Function]}
                >
                  <img
                    alt="Cafe Draże"
                    src="https://i.ytimg.com/vi/6NXrt0IlRYM/mqdefault.jpg"
                  />
                </a>
              </LinkAnchor>
            </Link>
          </li>
          <li
            key="q13-wlafBBI"
          >
            <Link
              to="/video/q13-wlafBBI"
            >
              <LinkAnchor
                href="/video/q13-wlafBBI"
                navigate={[Function]}
              >
                <a
                  href="/video/q13-wlafBBI"
                  onClick={[Function]}
                >
                  <img
                    alt="HIGHWAYMAN III alleycat   promo"
                    src="https://i.ytimg.com/vi/q13-wlafBBI/mqdefault.jpg"
                  />
                </a>
              </LinkAnchor>
            </Link>
          </li>
          <li
            key="tEKMOJfDsgs"
          >
            <Link
              to="/video/tEKMOJfDsgs"
            >
              <LinkAnchor
                href="/video/tEKMOJfDsgs"
                navigate={[Function]}
              >
                <a
                  href="/video/tEKMOJfDsgs"
                  onClick={[Function]}
                >
                  <img
                    alt="Never mess with Tatra"
                    src="https://i.ytimg.com/vi/tEKMOJfDsgs/mqdefault.jpg"
                  />
                </a>
              </LinkAnchor>
            </Link>
          </li>
          <li
            key="z47HHjuTXvE"
          >
            <Link
              to="/video/z47HHjuTXvE"
            >
              <LinkAnchor
                href="/video/z47HHjuTXvE"
                navigate={[Function]}
              >
                <a
                  href="/video/z47HHjuTXvE"
                  onClick={[Function]}
                >
                  <img
                    alt="DowciPAKERY 2011   Relacja eliminacje finał"
                    src="https://i.ytimg.com/vi/z47HHjuTXvE/mqdefault.jpg"
                  />
                </a>
              </LinkAnchor>
            </Link>
          </li>
          <li
            key="gG4sKUDAYYY"
          >
            <Link
              to="/video/gG4sKUDAYYY"
            >
              <LinkAnchor
                href="/video/gG4sKUDAYYY"
                navigate={[Function]}
              >
                <a
                  href="/video/gG4sKUDAYYY"
                  onClick={[Function]}
                >
                  <img
                    alt="III BZĆSR „Wypadki przemysłowe 2010”"
                    src="https://i.ytimg.com/vi/gG4sKUDAYYY/mqdefault.jpg"
                  />
                </a>
              </LinkAnchor>
            </Link>
          </li>
          <li
            key="rVwbRlEiwNg"
          >
            <Link
              to="/video/rVwbRlEiwNg"
            >
              <LinkAnchor
                href="/video/rVwbRlEiwNg"
                navigate={[Function]}
              >
                <a
                  href="/video/rVwbRlEiwNg"
                  onClick={[Function]}
                >
                  <img
                    alt="2x2 Otwarty Turniej Bike Polo   Kraków"
                    src="https://i.ytimg.com/vi/rVwbRlEiwNg/mqdefault.jpg"
                  />
                </a>
              </LinkAnchor>
            </Link>
          </li>
          <li
            key="LkqSwlDVfOg"
          >
            <Link
              to="/video/LkqSwlDVfOg"
            >
              <LinkAnchor
                href="/video/LkqSwlDVfOg"
                navigate={[Function]}
              >
                <a
                  href="/video/LkqSwlDVfOg"
                  onClick={[Function]}
                >
                  <img
                    alt="VII Tour de UEK"
                    src="https://i.ytimg.com/vi/LkqSwlDVfOg/mqdefault.jpg"
                  />
                </a>
              </LinkAnchor>
            </Link>
          </li>
          <li
            key="qgn014Ftgvs"
          >
            <Link
              to="/video/qgn014Ftgvs"
            >
              <LinkAnchor
                href="/video/qgn014Ftgvs"
                navigate={[Function]}
              >
                <a
                  href="/video/qgn014Ftgvs"
                  onClick={[Function]}
                >
                  <img
                    alt="Racing with the Sun"
                    src="https://i.ytimg.com/vi/qgn014Ftgvs/mqdefault.jpg"
                  />
                </a>
              </LinkAnchor>
            </Link>
          </li>
          <li
            key="kkCdcwBZobU"
          >
            <Link
              to="/video/kkCdcwBZobU"
            >
              <LinkAnchor
                href="/video/kkCdcwBZobU"
                navigate={[Function]}
              >
                <a
                  href="/video/kkCdcwBZobU"
                  onClick={[Function]}
                >
                  <img
                    alt="brenna studniówka ZSZ 2011   teledysk"
                    src="https://i.ytimg.com/vi/kkCdcwBZobU/mqdefault.jpg"
                  />
                </a>
              </LinkAnchor>
            </Link>
          </li>
          <li
            key="sIOm9rVb0p0"
          >
            <Link
              to="/video/sIOm9rVb0p0"
            >
              <LinkAnchor
                href="/video/sIOm9rVb0p0"
                navigate={[Function]}
              >
                <a
                  href="/video/sIOm9rVb0p0"
                  onClick={[Function]}
                >
                  <img
                    alt="paris     coming soon"
                    src="https://i.ytimg.com/vi/sIOm9rVb0p0/mqdefault.jpg"
                  />
                </a>
              </LinkAnchor>
            </Link>
          </li>
          <li
            key="9g1qymf_ZQ0"
          >
            <Link
              to="/video/9g1qymf_ZQ0"
            >
              <LinkAnchor
                href="/video/9g1qymf_ZQ0"
                navigate={[Function]}
              >
                <a
                  href="/video/9g1qymf_ZQ0"
                  onClick={[Function]}
                >
                  <img
                    alt="nakurwiacco na prusacco   wiciu"
                    src="https://i.ytimg.com/vi/9g1qymf_ZQ0/mqdefault.jpg"
                  />
                </a>
              </LinkAnchor>
            </Link>
          </li>
          <li
            key="yp_9Og7BwXw"
          >
            <Link
              to="/video/yp_9Og7BwXw"
            >
              <LinkAnchor
                href="/video/yp_9Og7BwXw"
                navigate={[Function]}
              >
                <a
                  href="/video/yp_9Og7BwXw"
                  onClick={[Function]}
                >
                  <img
                    alt="łabajowa   pawły w skałach vol  1"
                    src="https://i.ytimg.com/vi/yp_9Og7BwXw/mqdefault.jpg"
                  />
                </a>
              </LinkAnchor>
            </Link>
          </li>
          <li
            key="lD5oMy_J9E0"
          >
            <Link
              to="/video/lD5oMy_J9E0"
            >
              <LinkAnchor
                href="/video/lD5oMy_J9E0"
                navigate={[Function]}
              >
                <a
                  href="/video/lD5oMy_J9E0"
                  onClick={[Function]}
                >
                  <img
                    alt="rap rap siema siema"
                    src="https://i.ytimg.com/vi/lD5oMy_J9E0/mqdefault.jpg"
                  />
                </a>
              </LinkAnchor>
            </Link>
          </li>
          <li
            key="QvcC3wh-i8k"
          >
            <Link
              to="/video/QvcC3wh-i8k"
            >
              <LinkAnchor
                href="/video/QvcC3wh-i8k"
                navigate={[Function]}
              >
                <a
                  href="/video/QvcC3wh-i8k"
                  onClick={[Function]}
                >
                  <img
                    alt="zdrowych wysokich !"
                    src="https://i.ytimg.com/vi/QvcC3wh-i8k/mqdefault.jpg"
                  />
                </a>
              </LinkAnchor>
            </Link>
          </li>
          <li
            key="-vnXMEp1Olk"
          >
            <Link
              to="/video/-vnXMEp1Olk"
            >
              <LinkAnchor
                href="/video/-vnXMEp1Olk"
                navigate={[Function]}
              >
                <a
                  href="/video/-vnXMEp1Olk"
                  onClick={[Function]}
                >
                  <img
                    alt="are you a lover pael"
                    src="https://i.ytimg.com/vi/-vnXMEp1Olk/mqdefault.jpg"
                  />
                </a>
              </LinkAnchor>
            </Link>
          </li>
          <li
            key="963YWOQG6LQ"
          >
            <Link
              to="/video/963YWOQG6LQ"
            >
              <LinkAnchor
                href="/video/963YWOQG6LQ"
                navigate={[Function]}
              >
                <a
                  href="/video/963YWOQG6LQ"
                  onClick={[Function]}
                >
                  <img
                    alt="kory wyprute na Grodźcu !"
                    src="https://i.ytimg.com/vi/963YWOQG6LQ/mqdefault.jpg"
                  />
                </a>
              </LinkAnchor>
            </Link>
          </li>
          <li
            key="e0IJdGB2n_Q"
          >
            <Link
              to="/video/e0IJdGB2n_Q"
            >
              <LinkAnchor
                href="/video/e0IJdGB2n_Q"
                navigate={[Function]}
              >
                <a
                  href="/video/e0IJdGB2n_Q"
                  onClick={[Function]}
                >
                  <img
                    alt="remix skunk fu total!"
                    src="https://i.ytimg.com/vi/e0IJdGB2n_Q/mqdefault.jpg"
                  />
                </a>
              </LinkAnchor>
            </Link>
          </li>
          <li
            key="PWcCLEyHP1I"
          >
            <Link
              to="/video/PWcCLEyHP1I"
            >
              <LinkAnchor
                href="/video/PWcCLEyHP1I"
                navigate={[Function]}
              >
                <a
                  href="/video/PWcCLEyHP1I"
                  onClick={[Function]}
                >
                  <img
                    alt="one more cigarette"
                    src="https://i.ytimg.com/vi/PWcCLEyHP1I/mqdefault.jpg"
                  />
                </a>
              </LinkAnchor>
            </Link>
          </li>
          <li
            key="ABvRk0UATS4"
          >
            <Link
              to="/video/ABvRk0UATS4"
            >
              <LinkAnchor
                href="/video/ABvRk0UATS4"
                navigate={[Function]}
              >
                <a
                  href="/video/ABvRk0UATS4"
                  onClick={[Function]}
                >
                  <img
                    alt="jest pająk jest impreza"
                    src="https://i.ytimg.com/vi/ABvRk0UATS4/mqdefault.jpg"
                  />
                </a>
              </LinkAnchor>
            </Link>
          </li>
          <li
            key="gggr8vL9KrM"
          >
            <Link
              to="/video/gggr8vL9KrM"
            >
              <LinkAnchor
                href="/video/gggr8vL9KrM"
                navigate={[Function]}
              >
                <a
                  href="/video/gggr8vL9KrM"
                  onClick={[Function]}
                >
                  <img
                    alt="zachodnie!"
                    src="https://i.ytimg.com/vi/gggr8vL9KrM/mqdefault.jpg"
                  />
                </a>
              </LinkAnchor>
            </Link>
          </li>
          <li
            key="7SI033Zb2_w"
          >
            <Link
              to="/video/7SI033Zb2_w"
            >
              <LinkAnchor
                href="/video/7SI033Zb2_w"
                navigate={[Function]}
              >
                <a
                  href="/video/7SI033Zb2_w"
                  onClick={[Function]}
                >
                  <img
                    alt="Cinema City Cup Łódź 2010"
                    src="https://i.ytimg.com/vi/7SI033Zb2_w/mqdefault.jpg"
                  />
                </a>
              </LinkAnchor>
            </Link>
          </li>
          <li
            key="vDV_wiK_Kio"
          >
            <Link
              to="/video/vDV_wiK_Kio"
            >
              <LinkAnchor
                href="/video/vDV_wiK_Kio"
                navigate={[Function]}
              >
                <a
                  href="/video/vDV_wiK_Kio"
                  onClick={[Function]}
                >
                  <img
                    alt="julisze   zajawa"
                    src="https://i.ytimg.com/vi/vDV_wiK_Kio/mqdefault.jpg"
                  />
                </a>
              </LinkAnchor>
            </Link>
          </li>
          <li
            key="5ahv8NR-u4M"
          >
            <Link
              to="/video/5ahv8NR-u4M"
            >
              <LinkAnchor
                href="/video/5ahv8NR-u4M"
                navigate={[Function]}
              >
                <a
                  href="/video/5ahv8NR-u4M"
                  onClick={[Function]}
                >
                  <img
                    alt="subaru vitesse azs uek w calpe"
                    src="https://i.ytimg.com/vi/5ahv8NR-u4M/mqdefault.jpg"
                  />
                </a>
              </LinkAnchor>
            </Link>
          </li>
          <li
            key="XHxlSeUpGSk"
          >
            <Link
              to="/video/XHxlSeUpGSk"
            >
              <LinkAnchor
                href="/video/XHxlSeUpGSk"
                navigate={[Function]}
              >
                <a
                  href="/video/XHxlSeUpGSk"
                  onClick={[Function]}
                >
                  <img
                    alt="holandia jestwysoko tour 2 dobre czasy"
                    src="https://i.ytimg.com/vi/XHxlSeUpGSk/mqdefault.jpg"
                  />
                </a>
              </LinkAnchor>
            </Link>
          </li>
          <li
            key="kWeNkEtsifY"
          >
            <Link
              to="/video/kWeNkEtsifY"
            >
              <LinkAnchor
                href="/video/kWeNkEtsifY"
                navigate={[Function]}
              >
                <a
                  href="/video/kWeNkEtsifY"
                  onClick={[Function]}
                >
                  <img
                    alt="holandia jestwysoko tour 2   zajawa"
                    src="https://i.ytimg.com/vi/kWeNkEtsifY/mqdefault.jpg"
                  />
                </a>
              </LinkAnchor>
            </Link>
          </li>
          <li
            key="FI7jBtlyCSs"
          >
            <Link
              to="/video/FI7jBtlyCSs"
            >
              <LinkAnchor
                href="/video/FI7jBtlyCSs"
                navigate={[Function]}
              >
                <a
                  href="/video/FI7jBtlyCSs"
                  onClick={[Function]}
                >
                  <img
                    alt="prawdziwych cyganów już nie ma   trailer"
                    src="https://i.ytimg.com/vi/FI7jBtlyCSs/mqdefault.jpg"
                  />
                </a>
              </LinkAnchor>
            </Link>
          </li>
          <li
            key="oCmy1m2BW9M"
          >
            <Link
              to="/video/oCmy1m2BW9M"
            >
              <LinkAnchor
                href="/video/oCmy1m2BW9M"
                navigate={[Function]}
              >
                <a
                  href="/video/oCmy1m2BW9M"
                  onClick={[Function]}
                >
                  <img
                    alt="diskorelaks"
                    src="https://i.ytimg.com/vi/oCmy1m2BW9M/mqdefault.jpg"
                  />
                </a>
              </LinkAnchor>
            </Link>
          </li>
          <li
            key="kbqBgDYmhXg"
          >
            <Link
              to="/video/kbqBgDYmhXg"
            >
              <LinkAnchor
                href="/video/kbqBgDYmhXg"
                navigate={[Function]}
              >
                <a
                  href="/video/kbqBgDYmhXg"
                  onClick={[Function]}
                >
                  <img
                    alt="Orla Pyrc"
                    src="https://i.ytimg.com/vi/kbqBgDYmhXg/mqdefault.jpg"
                  />
                </a>
              </LinkAnchor>
            </Link>
          </li>
          <li
            key="5k479Uq98t4"
          >
            <Link
              to="/video/5k479Uq98t4"
            >
              <LinkAnchor
                href="/video/5k479Uq98t4"
                navigate={[Function]}
              >
                <a
                  href="/video/5k479Uq98t4"
                  onClick={[Function]}
                >
                  <img
                    alt="valencia subaru azs uek tour"
                    src="https://i.ytimg.com/vi/5k479Uq98t4/mqdefault.jpg"
                  />
                </a>
              </LinkAnchor>
            </Link>
          </li>
          <li
            key="u8pYzjpP8H8"
          >
            <Link
              to="/video/u8pYzjpP8H8"
            >
              <LinkAnchor
                href="/video/u8pYzjpP8H8"
                navigate={[Function]}
              >
                <a
                  href="/video/u8pYzjpP8H8"
                  onClick={[Function]}
                >
                  <img
                    alt="Aneto!"
                    src="https://i.ytimg.com/vi/u8pYzjpP8H8/mqdefault.jpg"
                  />
                </a>
              </LinkAnchor>
            </Link>
          </li>
          <li
            key="uEXuFUmTnBY"
          >
            <Link
              to="/video/uEXuFUmTnBY"
            >
              <LinkAnchor
                href="/video/uEXuFUmTnBY"
                navigate={[Function]}
              >
                <a
                  href="/video/uEXuFUmTnBY"
                  onClick={[Function]}
                >
                  <img
                    alt="hardkor na prusa"
                    src="https://i.ytimg.com/vi/uEXuFUmTnBY/mqdefault.jpg"
                  />
                </a>
              </LinkAnchor>
            </Link>
          </li>
          <li
            key="M5yIINyG5nc"
          >
            <Link
              to="/video/M5yIINyG5nc"
            >
              <LinkAnchor
                href="/video/M5yIINyG5nc"
                navigate={[Function]}
              >
                <a
                  href="/video/M5yIINyG5nc"
                  onClick={[Function]}
                >
                  <img
                    alt="chocz najwiekszy"
                    src="https://i.ytimg.com/vi/M5yIINyG5nc/mqdefault.jpg"
                  />
                </a>
              </LinkAnchor>
            </Link>
          </li>
          <li
            key="H781lQ-f26k"
          >
            <Link
              to="/video/H781lQ-f26k"
            >
              <LinkAnchor
                href="/video/H781lQ-f26k"
                navigate={[Function]}
              >
                <a
                  href="/video/H781lQ-f26k"
                  onClick={[Function]}
                >
                  <img
                    alt="holandia jestwysoko tour"
                    src="https://i.ytimg.com/vi/H781lQ-f26k/mqdefault.jpg"
                  />
                </a>
              </LinkAnchor>
            </Link>
          </li>
          <li
            key="t1-x5-yCLRY"
          >
            <Link
              to="/video/t1-x5-yCLRY"
            >
              <LinkAnchor
                href="/video/t1-x5-yCLRY"
                navigate={[Function]}
              >
                <a
                  href="/video/t1-x5-yCLRY"
                  onClick={[Function]}
                >
                  <img
                    alt="zimowy czarny staw gasienicowy"
                    src="https://i.ytimg.com/vi/t1-x5-yCLRY/mqdefault.jpg"
                  />
                </a>
              </LinkAnchor>
            </Link>
          </li>
          <li
            key="iZh0-EWOEu4"
          >
            <Link
              to="/video/iZh0-EWOEu4"
            >
              <LinkAnchor
                href="/video/iZh0-EWOEu4"
                navigate={[Function]}
              >
                <a
                  href="/video/iZh0-EWOEu4"
                  onClick={[Function]}
                >
                  <img
                    alt="nazywam sie babia"
                    src="https://i.ytimg.com/vi/iZh0-EWOEu4/mqdefault.jpg"
                  />
                </a>
              </LinkAnchor>
            </Link>
          </li>
        </ul>
      </div>
    </Videos>
  </Router>
</BrowserRouter>
`;
